23:04:35 **** Incremental Build of configuration Debug for project EventFlags ****
make -j8 all 
arm-none-eabi-gcc "../Core/Src/main.c" -mcpu=cortex-m4 -std=gnu11 -g3 -DDEBUG -DUSE_HAL_DRIVER -DSTM32F411xE -c -I../Core/Inc -I../Drivers/STM32F4xx_HAL_Driver/Inc -I../Drivers/STM32F4xx_HAL_Driver/Inc/Legacy -I../Drivers/CMSIS/Device/ST/STM32F4xx/Include -I../Drivers/CMSIS/Include -I../Middlewares/Third_Party/FreeRTOS/Source/include -I../Middlewares/Third_Party/FreeRTOS/Source/CMSIS_RTOS_V2 -I../Middlewares/Third_Party/FreeRTOS/Source/portable/GCC/ARM_CM4F -O0 -ffunction-sections -fdata-sections -Wall -fstack-usage -fcyclomatic-complexity -MMD -MP -MF"Core/Src/main.d" -MT"Core/Src/main.o" --specs=nano.specs -mfpu=fpv4-sp-d16 -mfloat-abi=hard -mthumb -o "Core/Src/main.o"
arm-none-eabi-gcc -o "EventFlags.elf" @"objects.list"   -mcpu=cortex-m4 -T"C:\Users\ACER\Documents\GitHub\FreeRTOS-on-STM32\EventFlags\STM32F411RETX_FLASH.ld" --specs=nosys.specs -Wl,-Map="EventFlags.map" -Wl,--gc-sections -static --specs=nano.specs -mfpu=fpv4-sp-d16 -mfloat-abi=hard -mthumb -Wl,--start-group -lc -lm -Wl,--end-group
Finished building target: EventFlags.elf
 
arm-none-eabi-size  EventFlags.elf 
arm-none-eabi-objdump -h -S EventFlags.elf  > "EventFlags.list"
   text	   data	    bss	    dec	    hex	filename
  25884	    116	  20988	  46988	   b78c	EventFlags.elf
Finished building: default.size.stdout
 
Finished building: EventFlags.list
 
23:05:03 **** Incremental Build of configuration Debug for project EventFlags ****
make -j8 all 
arm-none-eabi-size  EventFlags.elf 
   text	   data	    bss	    dec	    hex	filename
  25884	    116	  20988	  46988	   b78c	EventFlags.elf
Finished building: default.size.stdout
 
